2025-11-23 04:16:07,420 - INFO - [31m[1mWARNING: This is a development server. Do not use it in a production deployment. Use a production WSGI server instead.[0m
 * Running on http://127.0.0.1:5000
2025-11-23 04:16:07,420 - INFO - [33mPress CTRL+C to quit[0m
2025-11-23 04:16:08,470 - INFO - 127.0.0.1 - - [23/Nov/2025 04:16:08] "GET /login HTTP/1.1" 200 -
2025-11-23 04:16:08,525 - INFO - 127.0.0.1 - - [23/Nov/2025 04:16:08] "GET /static/style.css HTTP/1.1" 200 -
2025-11-23 04:24:03,374 - INFO - [31m[1mWARNING: This is a development server. Do not use it in a production deployment. Use a production WSGI server instead.[0m
 * Running on http://127.0.0.1:5000
2025-11-23 04:24:03,374 - INFO - [33mPress CTRL+C to quit[0m
2025-11-23 04:24:05,884 - INFO - 127.0.0.1 - - [23/Nov/2025 04:24:05] "GET /login HTTP/1.1" 200 -
2025-11-23 04:24:05,905 - INFO - 127.0.0.1 - - [23/Nov/2025 04:24:05] "GET /static/style.css HTTP/1.1" 200 -
2025-11-23 04:24:07,026 - INFO - 127.0.0.1 - - [23/Nov/2025 04:24:07] "[32mPOST /login HTTP/1.1[0m" 302 -
2025-11-23 04:24:07,417 - INFO - 127.0.0.1 - - [23/Nov/2025 04:24:07] "GET / HTTP/1.1" 200 -
2025-11-23 04:24:07,432 - INFO - 127.0.0.1 - - [23/Nov/2025 04:24:07] "[36mGET /static/style.css HTTP/1.1[0m" 304 -
2025-11-23 04:24:08,034 - INFO - Starting AI recommendation for category: penny_stock
2025-11-23 04:24:08,041 - INFO - Starting AI recommendation for category: hot_stock
2025-11-23 04:24:08,044 - INFO - Starting AI recommendation for category: crypto
2025-11-23 04:24:08,060 - INFO - Starting AI recommendation for category: high_yield
2025-11-23 04:24:08,097 - INFO - Starting AI recommendation for category: monthly_dividend
2025-11-23 04:24:08,239 - INFO - 127.0.0.1 - - [23/Nov/2025 04:24:08] "GET /api/notifications HTTP/1.1" 200 -
2025-11-23 04:24:08,507 - WARNING - No AI settings found for category crypto. Using default weights.
2025-11-23 04:24:09,007 - ERROR - Could not fetch news for SNDL: 402 Client Error: Payment Required for url: https://api.marketaux.com/v1/news/all?api_token=gSj0h2MJtfGmMNB9JQyuo1dtArXAGhiYv3IhpGbQ&symbols=SNDL&limit=5&language=en
2025-11-23 04:24:09,067 - ERROR - Could not fetch news for BTC-USD: 402 Client Error: Payment Required for url: https://api.marketaux.com/v1/news/all?api_token=gSj0h2MJtfGmMNB9JQyuo1dtArXAGhiYv3IhpGbQ&symbols=BTC-USD&limit=5&language=en
2025-11-23 04:24:09,126 - ERROR - Could not fetch news for O: 402 Client Error: Payment Required for url: https://api.marketaux.com/v1/news/all?api_token=gSj0h2MJtfGmMNB9JQyuo1dtArXAGhiYv3IhpGbQ&symbols=O&limit=5&language=en
2025-11-23 04:24:09,199 - ERROR - Could not fetch news for AAPL: 402 Client Error: Payment Required for url: https://api.marketaux.com/v1/news/all?api_token=gSj0h2MJtfGmMNB9JQyuo1dtArXAGhiYv3IhpGbQ&symbols=AAPL&limit=5&language=en
2025-11-23 04:24:09,208 - ERROR - Could not fetch news for AGNC: 402 Client Error: Payment Required for url: https://api.marketaux.com/v1/news/all?api_token=gSj0h2MJtfGmMNB9JQyuo1dtArXAGhiYv3IhpGbQ&symbols=AGNC&limit=5&language=en
2025-11-23 04:24:09,264 - ERROR - Could not fetch news for CTRM: 402 Client Error: Payment Required for url: https://api.marketaux.com/v1/news/all?api_token=gSj0h2MJtfGmMNB9JQyuo1dtArXAGhiYv3IhpGbQ&symbols=CTRM&limit=5&language=en
2025-11-23 04:24:09,313 - ERROR - Could not fetch news for ETH-USD: 402 Client Error: Payment Required for url: https://api.marketaux.com/v1/news/all?api_token=gSj0h2MJtfGmMNB9JQyuo1dtArXAGhiYv3IhpGbQ&symbols=ETH-USD&limit=5&language=en
2025-11-23 04:24:09,318 - ERROR - Could not fetch news for MAIN: 402 Client Error: Payment Required for url: https://api.marketaux.com/v1/news/all?api_token=gSj0h2MJtfGmMNB9JQyuo1dtArXAGhiYv3IhpGbQ&symbols=MAIN&limit=5&language=en
2025-11-23 04:24:09,399 - ERROR - Could not fetch news for MSFT: 402 Client Error: Payment Required for url: https://api.marketaux.com/v1/news/all?api_token=gSj0h2MJtfGmMNB9JQyuo1dtArXAGhiYv3IhpGbQ&symbols=MSFT&limit=5&language=en
2025-11-23 04:24:09,406 - ERROR - Could not fetch news for ORC: 402 Client Error: Payment Required for url: https://api.marketaux.com/v1/news/all?api_token=gSj0h2MJtfGmMNB9JQyuo1dtArXAGhiYv3IhpGbQ&symbols=ORC&limit=5&language=en
2025-11-23 04:24:09,441 - ERROR - Could not fetch news for ZOM: 402 Client Error: Payment Required for url: https://api.marketaux.com/v1/news/all?api_token=gSj0h2MJtfGmMNB9JQyuo1dtArXAGhiYv3IhpGbQ&symbols=ZOM&limit=5&language=en
2025-11-23 04:24:09,486 - ERROR - Could not fetch news for STAG: 402 Client Error: Payment Required for url: https://api.marketaux.com/v1/news/all?api_token=gSj0h2MJtfGmMNB9JQyuo1dtArXAGhiYv3IhpGbQ&symbols=STAG&limit=5&language=en
2025-11-23 04:24:09,500 - ERROR - Could not fetch news for SOL-USD: 402 Client Error: Payment Required for url: https://api.marketaux.com/v1/news/all?api_token=gSj0h2MJtfGmMNB9JQyuo1dtArXAGhiYv3IhpGbQ&symbols=SOL-USD&limit=5&language=en
2025-11-23 04:24:09,574 - ERROR - Could not fetch news for GOOG: 402 Client Error: Payment Required for url: https://api.marketaux.com/v1/news/all?api_token=gSj0h2MJtfGmMNB9JQyuo1dtArXAGhiYv3IhpGbQ&symbols=GOOG&limit=5&language=en
2025-11-23 04:24:09,620 - ERROR - Could not fetch news for PSEC: 402 Client Error: Payment Required for url: https://api.marketaux.com/v1/news/all?api_token=gSj0h2MJtfGmMNB9JQyuo1dtArXAGhiYv3IhpGbQ&symbols=PSEC&limit=5&language=en
2025-11-23 04:24:09,630 - ERROR - Could not fetch news for AMC: 402 Client Error: Payment Required for url: https://api.marketaux.com/v1/news/all?api_token=gSj0h2MJtfGmMNB9JQyuo1dtArXAGhiYv3IhpGbQ&symbols=AMC&limit=5&language=en
2025-11-23 04:24:09,706 - ERROR - Could not fetch news for GAIN: 402 Client Error: Payment Required for url: https://api.marketaux.com/v1/news/all?api_token=gSj0h2MJtfGmMNB9JQyuo1dtArXAGhiYv3IhpGbQ&symbols=GAIN&limit=5&language=en
2025-11-23 04:24:09,722 - ERROR - Could not fetch news for DOGE-USD: 402 Client Error: Payment Required for url: https://api.marketaux.com/v1/news/all?api_token=gSj0h2MJtfGmMNB9JQyuo1dtArXAGhiYv3IhpGbQ&symbols=DOGE-USD&limit=5&language=en
2025-11-23 04:24:09,771 - ERROR - Could not fetch news for AMZN: 402 Client Error: Payment Required for url: https://api.marketaux.com/v1/news/all?api_token=gSj0h2MJtfGmMNB9JQyuo1dtArXAGhiYv3IhpGbQ&symbols=AMZN&limit=5&language=en
2025-11-23 04:24:09,809 - ERROR - Could not fetch news for ARR: 402 Client Error: Payment Required for url: https://api.marketaux.com/v1/news/all?api_token=gSj0h2MJtfGmMNB9JQyuo1dtArXAGhiYv3IhpGbQ&symbols=ARR&limit=5&language=en
2025-11-23 04:24:09,831 - ERROR - Could not fetch news for BB: 402 Client Error: Payment Required for url: https://api.marketaux.com/v1/news/all?api_token=gSj0h2MJtfGmMNB9JQyuo1dtArXAGhiYv3IhpGbQ&symbols=BB&limit=5&language=en
2025-11-23 04:24:09,887 - ERROR - Could not fetch news for GOOD: 402 Client Error: Payment Required for url: https://api.marketaux.com/v1/news/all?api_token=gSj0h2MJtfGmMNB9JQyuo1dtArXAGhiYv3IhpGbQ&symbols=GOOD&limit=5&language=en
2025-11-23 04:24:09,910 - ERROR - Could not fetch news for ADA-USD: 402 Client Error: Payment Required for url: https://api.marketaux.com/v1/news/all?api_token=gSj0h2MJtfGmMNB9JQyuo1dtArXAGhiYv3IhpGbQ&symbols=ADA-USD&limit=5&language=en
2025-11-23 04:24:09,934 - ERROR - Could not fetch news for NVDA: 402 Client Error: Payment Required for url: https://api.marketaux.com/v1/news/all?api_token=gSj0h2MJtfGmMNB9JQyuo1dtArXAGhiYv3IhpGbQ&symbols=NVDA&limit=5&language=en
2025-11-23 04:24:09,977 - ERROR - Could not fetch news for MFA: 402 Client Error: Payment Required for url: https://api.marketaux.com/v1/news/all?api_token=gSj0h2MJtfGmMNB9JQyuo1dtArXAGhiYv3IhpGbQ&symbols=MFA&limit=5&language=en
2025-11-23 04:24:09,999 - ERROR - Could not fetch news for EXPR: 402 Client Error: Payment Required for url: https://api.marketaux.com/v1/news/all?api_token=gSj0h2MJtfGmMNB9JQyuo1dtArXAGhiYv3IhpGbQ&symbols=EXPR&limit=5&language=en
2025-11-23 04:24:10,075 - ERROR - Could not fetch news for PBA: 402 Client Error: Payment Required for url: https://api.marketaux.com/v1/news/all?api_token=gSj0h2MJtfGmMNB9JQyuo1dtArXAGhiYv3IhpGbQ&symbols=PBA&limit=5&language=en
2025-11-23 04:24:10,761 - ERROR - Could not fetch news for IVR: 402 Client Error: Payment Required for url: https://api.marketaux.com/v1/news/all?api_token=gSj0h2MJtfGmMNB9JQyuo1dtArXAGhiYv3IhpGbQ&symbols=IVR&limit=5&language=en
2025-11-23 04:24:10,766 - ERROR - Could not fetch news for XRP-USD: 402 Client Error: Payment Required for url: https://api.marketaux.com/v1/news/all?api_token=gSj0h2MJtfGmMNB9JQyuo1dtArXAGhiYv3IhpGbQ&symbols=XRP-USD&limit=5&language=en
2025-11-23 04:24:10,797 - ERROR - Could not fetch news for SBR: 402 Client Error: Payment Required for url: https://api.marketaux.com/v1/news/all?api_token=gSj0h2MJtfGmMNB9JQyuo1dtArXAGhiYv3IhpGbQ&symbols=SBR&limit=5&language=en
2025-11-23 04:24:11,145 - ERROR - Could not fetch news for TSLA: 402 Client Error: Payment Required for url: https://api.marketaux.com/v1/news/all?api_token=gSj0h2MJtfGmMNB9JQyuo1dtArXAGhiYv3IhpGbQ&symbols=TSLA&limit=5&language=en
2025-11-23 04:24:11,161 - ERROR - Could not fetch news for ADC: 402 Client Error: Payment Required for url: https://api.marketaux.com/v1/news/all?api_token=gSj0h2MJtfGmMNB9JQyuo1dtArXAGhiYv3IhpGbQ&symbols=ADC&limit=5&language=en
2025-11-23 04:24:11,168 - ERROR - Could not fetch news for GSAT: 402 Client Error: Payment Required for url: https://api.marketaux.com/v1/news/all?api_token=gSj0h2MJtfGmMNB9JQyuo1dtArXAGhiYv3IhpGbQ&symbols=GSAT&limit=5&language=en
2025-11-23 04:24:11,234 - ERROR - Could not fetch news for DOT-USD: 402 Client Error: Payment Required for url: https://api.marketaux.com/v1/news/all?api_token=gSj0h2MJtfGmMNB9JQyuo1dtArXAGhiYv3IhpGbQ&symbols=DOT-USD&limit=5&language=en
2025-11-23 04:24:11,236 - ERROR - Could not fetch news for TWO: 402 Client Error: Payment Required for url: https://api.marketaux.com/v1/news/all?api_token=gSj0h2MJtfGmMNB9JQyuo1dtArXAGhiYv3IhpGbQ&symbols=TWO&limit=5&language=en
2025-11-23 04:24:11,335 - ERROR - Could not fetch news for META: 402 Client Error: Payment Required for url: https://api.marketaux.com/v1/news/all?api_token=gSj0h2MJtfGmMNB9JQyuo1dtArXAGhiYv3IhpGbQ&symbols=META&limit=5&language=en
2025-11-23 04:24:11,385 - ERROR - Could not fetch news for NAKD: 402 Client Error: Payment Required for url: https://api.marketaux.com/v1/news/all?api_token=gSj0h2MJtfGmMNB9JQyuo1dtArXAGhiYv3IhpGbQ&symbols=NAKD&limit=5&language=en
2025-11-23 04:24:11,392 - ERROR - Could not fetch news for EPR: 402 Client Error: Payment Required for url: https://api.marketaux.com/v1/news/all?api_token=gSj0h2MJtfGmMNB9JQyuo1dtArXAGhiYv3IhpGbQ&symbols=EPR&limit=5&language=en
